2025-07-29 09:12:03 INFO System started successfully
2025-07-29 09:15:11 INFO User admin logged in
2025-07-29 09:20:45 ERROR Connection timed out
2025-07-29 09:22:10 WARNING Disk usage at 75%
2025-07-29 09:30:02 ERROR File not found
2025-07-29 09:35:19 INFO Backup job started
2025-07-29 09:40:33 ERROR Connection timed out
2025-07-29 09:45:00 Failed to authenticate user guest
2025-07-29 09:50:12 INFO Backup job completed
2025-07-29 10:00:05 ERROR Permission denied
2025-07-29 10:05:44 ERROR Connection timed out
2025-07-29 10:10:22 INFO Service restarted
2025-07-29 10:15:23 CRITICAL Disk space below threshold
2025-07-29 10:20:01 ERROR File not found
2025-07-29 10:25:38 WARNING High memory usage detected
2025-07-29 10:30:47 Failed to write to log file
2025-07-29 10:35:09 ERROR Connection timed out
2025-07-29 10:40:16 INFO User admin logged out
2025-07-29 10:45:29 ERROR Permission denied
2025-07-29 10:50:51 ERROR Disk I/O error
2025-07-29 11:00:00 INFO Scheduled task executed
2025-07-29 11:05:14 ERROR File not found
2025-07-29 11:10:37 Failed to connect to database
2025-07-29 11:15:52 ERROR Connection timed out
2025-07-29 11:20:08 WARNING CPU usage above 90%
2025-07-29 11:25:41 ERROR Out of memory
2025-07-29 11:30:15 INFO User bob logged in
2025-07-29 11:35:26 ERROR Permission denied
2025-07-29 11:40:59 ERROR Connection timed out
2025-07-29 11:45:03 INFO Cache cleared
2025-07-29 11:50:18 Failed to authenticate user root
2025-07-29 11:55:22 ERROR File not found
2025-07-29 12:00:00 INFO Daily report generated
2025-07-29 12:05:07 ERROR Disk I/O error
2025-07-29 12:10:31 CRITICAL Database connection lost
2025-07-29 12:15:44 ERROR Connection timed out
2025-07-29 12:20:09 WARNING Low disk space
2025-07-29 12:25:33 ERROR Permission denied
2025-07-29 12:30:12 INFO Service health check passed
2025-07-29 12:35:47 Failed to write to log file
2025-07-29 12:40:21 ERROR File not found
2025-07-29 12:45:50 ERROR Out of memory
2025-07-29 12:50:14 INFO User bob logged out
2025-07-29 12:55:29 ERROR Connection timed out
2025-07-29 13:00:00 INFO System backup verified